// Jest Snapshot v1, https://goo.gl/fbAQLP

exports[`AzureMapLayerProvider should create and render AzureMapLayerProvider 1`] = `<div />`;
